2026-10-08 06:00:56.014: [INFO] CurrentProfilePath: C:\Users\dl1wj\OneDrive\Desktop\이력서\상공회\jhleedev00.github.io\tmp\edge-a4-profile-v11\Default
2026-10-08 06:00:56.014: [INFO] Profiles total count: 1
2026-10-08 06:00:56.014: [INFO] Profile: name=프로필 1 path=C:\Users\dl1wj\OneDrive\Desktop\이력서\상공회\jhleedev00.github.io\tmp\edge-a4-profile-v11\Default lastActive=2026-10-08T06:00:55.998Z
2026-10-08 06:00:56.014: [INFO] LastUsedProfileDir: C:\Users\dl1wj\OneDrive\Desktop\이력서\상공회\jhleedev00.github.io\tmp\edge-a4-profile-v11\Default
2026-10-08 06:00:56.014: [INFO] MostRecentlyActiveProfile: name=프로필 1 path=C:\Users\dl1wj\OneDrive\Desktop\이력서\상공회\jhleedev00.github.io\tmp\edge-a4-profile-v11\Default lastActive=2026-10-08T06:00:55.998Z
2026-10-08 06:00:56.014: [INFO] OnDoneLoading sync enabled: 0
2026-10-08 06:00:56.014: [INFO] BookmarkModelLoaded, ids_reassigned: 0
2026-10-08 06:00:56.014: [INFO] BookmarksLoadDropped droppedNodes=0
2026-10-08 06:00:56.014: [INFO] BookmarksSnapshot Startup total=2 bar=2 other=0 mobile=0 showBar=0 showBarNTP=1
2026-10-08 06:00:56.099: [INFO] RecordSyncInitDuration has_sync_been_enabled: 0 state: 0
2026-10-08 06:00:56.351: [INFO] VisibilityChanged: 0
2026-10-08 06:00:59.835: [INFO] RecordSyncInitDuration has_sync_been_enabled: 0 state: 0
2026-10-08 06:00:59.841: [INFO] RecordSyncInitDuration has_sync_been_enabled: 0 state: 3
2026-10-08 06:00:59.847: [INFO] Primary account changed.
2026-10-08 06:00:59.847: [INFO] OnPrimaryAccountChanged PrimaryAccountChangeEvent::Type::kSet
2026-10-08 06:00:59.857: [INFO] RecordSyncInitDuration has_sync_been_enabled: 0 state: 3
2026-10-08 06:00:59.900: [INFO] RecordSyncInitDuration has_sync_been_enabled: 0 state: 3
2026-10-08 06:01:02.618: [INFO] BookmarkNodeAdded, ABU: 0
2026-10-08 06:01:02.619: [INFO] BookmarkNodeAdded, ABU: 0
2026-10-08 06:01:02.620: [INFO] BookmarkNodeAdded, ABU: 0
2026-10-08 06:01:02.620: [INFO] BookmarkNodeAdded, ABU: 0
2026-10-08 06:01:02.620: [INFO] BookmarkNodeAdded, ABU: 0
2026-10-08 06:01:02.620: [INFO] BookmarkNodeAdded, ABU: 0
2026-10-08 06:01:02.622: [INFO] BookmarkNodeAdded, ABU: 0
2026-10-08 06:01:02.643: [INFO] BookmarkBarPrefChanged showBar=0 showBarNTP=0
2026-10-08 06:01:02.718: [INFO] VisibilityChanged: 1
2026-10-08 06:01:02.860: [INFO] Sync initialization duration: 2792ms
2026-10-08 06:01:16.962: [INFO] BookmarksSnapshot Shutdown total=9 bar=9 other=0 mobile=0 showBar=1 showBarNTP=0
