2026-10-08 06:10:53.865: [INFO] CurrentProfilePath: C:\Users\dl1wj\OneDrive\Desktop\이력서\상공회\jhleedev00.github.io\tmp\edge-a4-profile-v12\Default
2026-10-08 06:10:53.865: [INFO] Profiles total count: 1
2026-10-08 06:10:53.865: [INFO] Profile: name=프로필 1 path=C:\Users\dl1wj\OneDrive\Desktop\이력서\상공회\jhleedev00.github.io\tmp\edge-a4-profile-v12\Default lastActive=2026-10-08T06:10:53.845Z
2026-10-08 06:10:53.865: [INFO] LastUsedProfileDir: C:\Users\dl1wj\OneDrive\Desktop\이력서\상공회\jhleedev00.github.io\tmp\edge-a4-profile-v12\Default
2026-10-08 06:10:53.865: [INFO] MostRecentlyActiveProfile: name=프로필 1 path=C:\Users\dl1wj\OneDrive\Desktop\이력서\상공회\jhleedev00.github.io\tmp\edge-a4-profile-v12\Default lastActive=2026-10-08T06:10:53.845Z
2026-10-08 06:10:53.865: [INFO] OnDoneLoading sync enabled: 0
2026-10-08 06:10:53.865: [INFO] BookmarkModelLoaded, ids_reassigned: 0
2026-10-08 06:10:53.865: [INFO] BookmarksLoadDropped droppedNodes=0
2026-10-08 06:10:53.865: [INFO] BookmarksSnapshot Startup total=2 bar=2 other=0 mobile=0 showBar=0 showBarNTP=1
2026-10-08 06:10:53.916: [INFO] RecordSyncInitDuration has_sync_been_enabled: 0 state: 0
2026-10-08 06:10:54.173: [INFO] VisibilityChanged: 0
2026-10-08 06:10:57.092: [INFO] RecordSyncInitDuration has_sync_been_enabled: 0 state: 0
2026-10-08 06:10:57.098: [INFO] RecordSyncInitDuration has_sync_been_enabled: 0 state: 3
2026-10-08 06:10:57.101: [INFO] Primary account changed.
2026-10-08 06:10:57.101: [INFO] OnPrimaryAccountChanged PrimaryAccountChangeEvent::Type::kSet
2026-10-08 06:10:57.112: [INFO] RecordSyncInitDuration has_sync_been_enabled: 0 state: 3
2026-10-08 06:10:57.194: [INFO] RecordSyncInitDuration has_sync_been_enabled: 0 state: 3
2026-10-08 06:11:00.122: [INFO] BookmarkNodeAdded, ABU: 0
2026-10-08 06:11:00.122: [INFO] BookmarkNodeAdded, ABU: 0
2026-10-08 06:11:00.122: [INFO] BookmarkNodeAdded, ABU: 0
2026-10-08 06:11:00.122: [INFO] BookmarkNodeAdded, ABU: 0
2026-10-08 06:11:00.123: [INFO] BookmarkNodeAdded, ABU: 0
2026-10-08 06:11:00.123: [INFO] BookmarkNodeAdded, ABU: 0
2026-10-08 06:11:00.123: [INFO] BookmarkNodeAdded, ABU: 0
2026-10-08 06:11:00.135: [INFO] BookmarkBarPrefChanged showBar=0 showBarNTP=0
2026-10-08 06:11:00.178: [INFO] VisibilityChanged: 1
2026-10-08 06:11:00.285: [INFO] Sync initialization duration: 2830ms
2026-10-08 06:11:05.725: [INFO] BookmarksSnapshot Shutdown total=9 bar=9 other=0 mobile=0 showBar=1 showBarNTP=0
