2026-10-07 16:22:01.287: [INFO] CurrentProfilePath: C:\Users\dl1wj\OneDrive\Desktop\이력서\상공회\jhleedev00.github.io\tmp\edge-a4-profile-v4\Default
2026-10-07 16:22:01.287: [INFO] Profiles total count: 1
2026-10-07 16:22:01.287: [INFO] Profile: name=프로필 1 path=C:\Users\dl1wj\OneDrive\Desktop\이력서\상공회\jhleedev00.github.io\tmp\edge-a4-profile-v4\Default lastActive=2026-10-07T16:22:01.272Z
2026-10-07 16:22:01.287: [INFO] LastUsedProfileDir: C:\Users\dl1wj\OneDrive\Desktop\이력서\상공회\jhleedev00.github.io\tmp\edge-a4-profile-v4\Default
2026-10-07 16:22:01.287: [INFO] MostRecentlyActiveProfile: name=프로필 1 path=C:\Users\dl1wj\OneDrive\Desktop\이력서\상공회\jhleedev00.github.io\tmp\edge-a4-profile-v4\Default lastActive=2026-10-07T16:22:01.272Z
2026-10-07 16:22:01.287: [INFO] OnDoneLoading sync enabled: 0
2026-10-07 16:22:01.287: [INFO] BookmarkModelLoaded, ids_reassigned: 0
2026-10-07 16:22:01.287: [INFO] BookmarksLoadDropped droppedNodes=0
2026-10-07 16:22:01.287: [INFO] BookmarksSnapshot Startup total=2 bar=2 other=0 mobile=0 showBar=0 showBarNTP=1
2026-10-07 16:22:01.338: [INFO] RecordSyncInitDuration has_sync_been_enabled: 0 state: 0
2026-10-07 16:22:01.482: [INFO] VisibilityChanged: 0
2026-10-07 16:22:02.888: [INFO] RecordSyncInitDuration has_sync_been_enabled: 0 state: 0
2026-10-07 16:22:02.892: [INFO] RecordSyncInitDuration has_sync_been_enabled: 0 state: 3
2026-10-07 16:22:02.896: [INFO] Primary account changed.
2026-10-07 16:22:02.896: [INFO] OnPrimaryAccountChanged PrimaryAccountChangeEvent::Type::kSet
2026-10-07 16:22:02.906: [INFO] RecordSyncInitDuration has_sync_been_enabled: 0 state: 3
2026-10-07 16:22:02.940: [INFO] RecordSyncInitDuration has_sync_been_enabled: 0 state: 3
2026-10-07 16:22:04.651: [INFO] BookmarkNodeAdded, ABU: 0
2026-10-07 16:22:04.652: [INFO] BookmarkNodeAdded, ABU: 0
2026-10-07 16:22:04.652: [INFO] BookmarkNodeAdded, ABU: 0
2026-10-07 16:22:04.652: [INFO] BookmarkNodeAdded, ABU: 0
2026-10-07 16:22:04.652: [INFO] BookmarkNodeAdded, ABU: 0
2026-10-07 16:22:04.652: [INFO] BookmarkNodeAdded, ABU: 0
2026-10-07 16:22:04.653: [INFO] BookmarkNodeAdded, ABU: 0
2026-10-07 16:22:04.659: [INFO] BookmarkBarPrefChanged showBar=0 showBarNTP=0
2026-10-07 16:22:04.687: [INFO] VisibilityChanged: 1
2026-10-07 16:22:04.787: [INFO] Sync initialization duration: 1684ms
2026-10-07 16:22:09.090: [INFO] BookmarksSnapshot Shutdown total=9 bar=9 other=0 mobile=0 showBar=1 showBarNTP=0
