2026-10-08 05:16:08.901: [INFO] CurrentProfilePath: C:\Users\dl1wj\OneDrive\Desktop\이력서\상공회\jhleedev00.github.io\tmp\edge-a4-profile-v8\Default
2026-10-08 05:16:08.901: [INFO] Profiles total count: 1
2026-10-08 05:16:08.901: [INFO] Profile: name=프로필 1 path=C:\Users\dl1wj\OneDrive\Desktop\이력서\상공회\jhleedev00.github.io\tmp\edge-a4-profile-v8\Default lastActive=2026-10-08T05:16:08.883Z
2026-10-08 05:16:08.901: [INFO] LastUsedProfileDir: C:\Users\dl1wj\OneDrive\Desktop\이력서\상공회\jhleedev00.github.io\tmp\edge-a4-profile-v8\Default
2026-10-08 05:16:08.901: [INFO] MostRecentlyActiveProfile: name=프로필 1 path=C:\Users\dl1wj\OneDrive\Desktop\이력서\상공회\jhleedev00.github.io\tmp\edge-a4-profile-v8\Default lastActive=2026-10-08T05:16:08.883Z
2026-10-08 05:16:08.901: [INFO] OnDoneLoading sync enabled: 0
2026-10-08 05:16:08.901: [INFO] BookmarkModelLoaded, ids_reassigned: 0
2026-10-08 05:16:08.901: [INFO] BookmarksLoadDropped droppedNodes=0
2026-10-08 05:16:08.901: [INFO] BookmarksSnapshot Startup total=2 bar=2 other=0 mobile=0 showBar=0 showBarNTP=1
2026-10-08 05:16:08.952: [INFO] RecordSyncInitDuration has_sync_been_enabled: 0 state: 0
2026-10-08 05:16:09.097: [INFO] VisibilityChanged: 0
2026-10-08 05:16:12.995: [INFO] RecordSyncInitDuration has_sync_been_enabled: 0 state: 0
2026-10-08 05:16:13.001: [INFO] RecordSyncInitDuration has_sync_been_enabled: 0 state: 3
2026-10-08 05:16:13.005: [INFO] Primary account changed.
2026-10-08 05:16:13.005: [INFO] OnPrimaryAccountChanged PrimaryAccountChangeEvent::Type::kSet
2026-10-08 05:16:13.015: [INFO] RecordSyncInitDuration has_sync_been_enabled: 0 state: 3
2026-10-08 05:16:17.639: [INFO] BookmarkNodeAdded, ABU: 0
2026-10-08 05:16:17.639: [INFO] BookmarkNodeAdded, ABU: 0
2026-10-08 05:16:17.640: [INFO] BookmarkNodeAdded, ABU: 0
2026-10-08 05:16:17.640: [INFO] BookmarkNodeAdded, ABU: 0
2026-10-08 05:16:17.640: [INFO] BookmarkNodeAdded, ABU: 0
2026-10-08 05:16:17.640: [INFO] BookmarkNodeAdded, ABU: 0
2026-10-08 05:16:17.641: [INFO] BookmarkNodeAdded, ABU: 0
2026-10-08 05:16:17.665: [INFO] BookmarkBarPrefChanged showBar=0 showBarNTP=0
2026-10-08 05:16:17.702: [INFO] VisibilityChanged: 1
2026-10-08 05:16:17.936: [INFO] Sync initialization duration: 4606ms
2026-10-08 05:16:23.889: [INFO] BookmarksSnapshot Shutdown total=9 bar=9 other=0 mobile=0 showBar=1 showBarNTP=0
