{"logTime": "1007/153332", "correlationVector":"ybEI99ZS2QFy/2+13XoyWx.1","action":"SyncServerConnectionManagerRequest", "result":"SYNC_SERVER_OK", "context":{"environment":"Prod_japanwest_prod-s01-066-apac-japanwest", "migrationStage":"NotStarted", "server":"aksw2500000001d"}}
{"logTime": "1007/153332", "correlationVector":"ybEI99ZS2QFy/2+13XoyWx.2","action":"ProcessGetUpdates", "result":"Done", "context":{"dataType":"Encryption Keys", "deleted":"0", "process_failed_to_decrypt":"0", "process_pending_decryption":"0", "process_success":"1", "total":"1"}}
{"logTime": "1007/153333", "correlationVector":"JDuXu+frEhXtwlFOPk8pfZ","action":"SyncServerConnectionManagerRequest", "result":"SYNC_SERVER_OK", "context":{"environment":"", "migrationStage":"", "server":""}}
{"logTime": "1007/153333", "correlationVector":"JDuXu+frEhXtwlFOPk8pfZ.0","action":"EncryptionKeysFetcher.DownloadKeys:", "result":"Success", "context":Key count: 8, Last key timestamp: 2026-05-07T14:32:33Z}
{"logTime": "1007/153333", "correlationVector":"JDuXu+frEhXtwlFOPk8pfZ.1","action":"EncryptionKeysManager::SetEncryptionKeys:", "result":"Success", "context":Key names[8]:[dg0KcxUuuYjhOSltJXchDnLz8M997B+mmB9gs0KEVjMT0z7L3/kD/R+YXsJzz92qLeXkYHgvxT4E4qEkAmHSHg==][9pzUd++aGFYgA+9zlXGm2tTmGHXKNJGXsviqRdW+0dKZdm8/5nmgc6lnAqVyC4OGG3ZmiZhR5rvsi2t6ukDrnA==][MhXJA2EyhIqO081d21pjIWmTFqaVflCcJtmKYxOp9kcvTArd06K6WMZRj7niMBodOQSOPBS/AAENLW5aDgHyOQ==][HP10n8nLA1+nHxZBv6TNHAGxmkYLPDOS3MCNMhrMogbs+6t82m3O6J1flFRR1G7pz5MHG6K9m1lNQ5Y2BOeY/A==][Bwnzp6j3yZKdRxS0cNjJjiLjVus/B5Nl9YI+1sSEiAwNfxyfa/VhJoHoz1UzbK6DiZa2j0QXq2hG03/S9K4ZXw==][LD4NwX3D+Vj8Wfkx9JDvN039Ew6OZVdPNudVk06NqbzmEeQtJAY2t6LLrx0WMAK8saAzaXnrSEDG3mbiTbdQbw==][/oigBj73MMMSNDKBIAByUQFiMgRscYy86AKJnn9nacKrre/F8vSh7OVzo5tTxvJe6ocnAJlCPdxMbbp+huJOjQ==][PtSDJXzzUss0V55/t4yKcv38i01zEMrCnfJ1HA2hJ/Teb5wm23zLXkz0KbeVe6pRQYeNAYKhGx1M60MbqOW3gQ==]}
{"logTime": "1007/153333", "correlationVector":"JDuXu+frEhXtwlFOPk8pfZ.2","action":"EncryptionKeysManager::SetEncryptionKeysWithTimestamps:", "result":"Success", "context":Key timestamps[8]:[2021-12-13T15:31:54Z][2022-09-06T14:01:55Z][2023-04-13T00:18:10Z][2023-10-21T13:31:15Z][2024-11-10T06:09:16Z][2025-05-11T09:50:02Z][2025-11-08T05:35:20Z][2026-05-07T14:32:33Z]}
{"logTime": "1007/153333", "correlationVector":"ybEI99ZS2QFy/2+13XoyWx","action":"Initial GetUpdates", "result":"", "context":Reason: NEW_CLIENT. cV=ybEI99ZS2QFy/2+13XoyWx}
{"logTime": "1007/153333", "correlationVector":"ybEI99ZS2QFy/2+13XoyWx.3","action":"GetUpdates Response", "result":"Success", "context":Received 1 update(s). cV=ybEI99ZS2QFy/2+13XoyWx.0;server=aksw2500000001d;cloudType=Consumer;environment=Prod_japanwest_prod-s01-066-apac-japanwest;migrationStage=NotStarted}
{"logTime": "1007/153333", "correlationVector":"AOnmVxA8Cd9otEXmjLPRel","action":"Initial GetUpdates", "result":"", "context":Reason: NEWLY_SUPPORTED_DATATYPE. cV=AOnmVxA8Cd9otEXmjLPRel}
{"logTime": "1007/153333", "correlationVector":"AOnmVxA8Cd9otEXmjLPRel.1","action":"SyncServerConnectionManagerRequest", "result":"SYNC_SERVER_OK", "context":{"environment":"Prod_japanwest_prod-s01-066-apac-japanwest", "migrationStage":"NotStarted", "server":"aksw2500000001b"}}
{"logTime": "1007/153333", "correlationVector":"AOnmVxA8Cd9otEXmjLPRel.2","action":"ProcessGetUpdates", "result":"Done", "context":{"dataType":"Passwords", "deleted":"0", "process_failed_to_decrypt":"0", "process_pending_decryption":"0", "process_success":"177", "total":"177"}}
{"logTime": "1007/153333", "correlationVector":"AOnmVxA8Cd9otEXmjLPRel.3","action":"ProcessGetUpdates", "result":"Done", "context":{"dataType":"Device Info", "deleted":"0", "process_failed_to_decrypt":"0", "process_pending_decryption":"0", "process_success":"11", "total":"11"}}
{"logTime": "1007/153333", "correlationVector":"AOnmVxA8Cd9otEXmjLPRel.4","action":"GetUpdates Response", "result":"Success", "context":Received 188 update(s). cV=AOnmVxA8Cd9otEXmjLPRel.0;server=aksw2500000001b;cloudType=Consumer;environment=Prod_japanwest_prod-s01-066-apac-japanwest;migrationStage=NotStarted}
{"logTime": "1007/153333", "correlationVector":"+qh3GrC2pqIIhm9cR/X9ha","action":"Initial GetUpdates", "result":"", "context":Reason: NEWLY_SUPPORTED_DATATYPE. cV=+qh3GrC2pqIIhm9cR/X9ha}
{"logTime": "1007/153333", "correlationVector":"+qh3GrC2pqIIhm9cR/X9ha.1","action":"SyncServerConnectionManagerRequest", "result":"SYNC_SERVER_OK", "context":{"environment":"Prod_japanwest_prod-s01-066-apac-japanwest", "migrationStage":"NotStarted", "server":"aksw2500000001d"}}
{"logTime": "1007/153333", "correlationVector":"+qh3GrC2pqIIhm9cR/X9ha.2","action":"ProcessGetUpdates", "result":"Done", "context":{"dataType":"Bookmarks", "deleted":"0", "process_failed_to_decrypt":"0", "process_pending_decryption":"0", "process_success":"13", "total":"13"}}
{"logTime": "1007/153333", "correlationVector":"+qh3GrC2pqIIhm9cR/X9ha.3","action":"ProcessGetUpdates", "result":"Done", "context":{"dataType":"Preferences", "deleted":"0", "process_failed_to_decrypt":"0", "process_pending_decryption":"0", "process_success":"83", "total":"83"}}
{"logTime": "1007/153333", "correlationVector":"+qh3GrC2pqIIhm9cR/X9ha.4","action":"ProcessGetUpdates", "result":"Done", "context":{"dataType":"Autofill Profiles", "deleted":"1", "process_failed_to_decrypt":"0", "process_pending_decryption":"0", "process_success":"1", "total":"1"}}
{"logTime": "1007/153333", "correlationVector":"+qh3GrC2pqIIhm9cR/X9ha.5","action":"ProcessGetUpdates", "result":"Done", "context":{"dataType":"Autofill", "deleted":"0", "process_failed_to_decrypt":"0", "process_pending_decryption":"0", "process_success":"11", "total":"11"}}
{"logTime": "1007/153333", "correlationVector":"+qh3GrC2pqIIhm9cR/X9ha.6","action":"ProcessGetUpdates", "result":"Done", "context":{"dataType":"Sessions", "deleted":"7", "process_failed_to_decrypt":"0", "process_pending_decryption":"0", "process_success":"12", "total":"12"}}
{"logTime": "1007/153333", "correlationVector":"+qh3GrC2pqIIhm9cR/X9ha.7","action":"ProcessGetUpdates", "result":"Done", "context":{"dataType":"Edge Hub App Usage", "deleted":"2", "process_failed_to_decrypt":"0", "process_pending_decryption":"0", "process_success":"5", "total":"5"}}
{"logTime": "1007/153333", "correlationVector":"+qh3GrC2pqIIhm9cR/X9ha.8","action":"GetUpdates Response", "result":"Success", "context":Received 125 update(s). cV=+qh3GrC2pqIIhm9cR/X9ha.0;server=aksw2500000001d;cloudType=Consumer;environment=Prod_japanwest_prod-s01-066-apac-japanwest;migrationStage=NotStarted}
{"logTime": "1007/153333", "correlationVector":"DIRjfCALhlY0WXLFWe13Q3","action":"Initial GetUpdates", "result":"", "context":Reason: NEWLY_SUPPORTED_DATATYPE. cV=DIRjfCALhlY0WXLFWe13Q3}
{"logTime": "1007/153333", "correlationVector":"DIRjfCALhlY0WXLFWe13Q3.1","action":"SyncServerConnectionManagerRequest", "result":"SYNC_SERVER_OK", "context":{"environment":"Prod_japanwest_prod-s01-066-apac-japanwest", "migrationStage":"NotStarted", "server":"aksw2500000000r"}}
{"logTime": "1007/153333", "correlationVector":"DIRjfCALhlY0WXLFWe13Q3.2","action":"ProcessGetUpdates", "result":"Done", "context":{"dataType":"History", "deleted":"0", "process_failed_to_decrypt":"0", "process_pending_decryption":"0", "process_success":"6", "total":"6"}}
{"logTime": "1007/153333", "correlationVector":"DIRjfCALhlY0WXLFWe13Q3.3","action":"GetUpdates Response", "result":"Success", "context":Received 6 update(s). cV=DIRjfCALhlY0WXLFWe13Q3.0;server=aksw2500000000r;cloudType=Consumer;environment=Prod_japanwest_prod-s01-066-apac-japanwest;migrationStage=NotStarted}
{"logTime": "1007/153334", "correlationVector":"yLY13LX4qbwxIMPSR/rDyN","action":"Normal GetUpdate request", "result":"", "context":cV=yLY13LX4qbwxIMPSR/rDyN
Nudged types: Sessions, Device Info, User Consents
Refresh requested types: Bookmarks, Preferences, Passwords, Autofill Profiles, Autofill, Extensions, Sessions, Extension settings, History Delete Directives, Device Info, User Consents, Send Tab To Self, Web Apps, History, Saved Tab Group, WebAuthn Credentials, Edge Hub App Usage, Edge Workspace, Encryption Keys}
{"logTime": "1007/153334", "correlationVector":"yLY13LX4qbwxIMPSR/rDyN.1","action":"SyncServerConnectionManagerRequest", "result":"SYNC_SERVER_OK", "context":{"environment":"Prod_japanwest_prod-s01-066-apac-japanwest", "migrationStage":"NotStarted", "server":"aksw2500000001b"}}
{"logTime": "1007/153334", "correlationVector":"yLY13LX4qbwxIMPSR/rDyN.2","action":"GetUpdates Response", "result":"Success", "context":Received 0 update(s). cV=yLY13LX4qbwxIMPSR/rDyN.0;server=aksw2500000001b;cloudType=Consumer;environment=Prod_japanwest_prod-s01-066-apac-japanwest;migrationStage=NotStarted}
{"logTime": "1007/153334", "correlationVector":"liRVUuB6JkPsNENLkvWQpK","action":"DoCompareDataConsistency requsted types: ", "result":"Bookmarks, Preferences, Passwords, Extensions, Extension settings, History Delete Directives, Send Tab To Self, Web Apps, History, Saved Tab Group, WebAuthn Credentials, Edge Workspace, Encryption Keys"}
{"logTime": "1007/153334", "correlationVector":"liRVUuB6JkPsNENLkvWQpK.0","action":"CompareDataConsistency result: ", "result":"Compare result: Encryption Keys is consistent. local entities count is: 1 local entities hash is: EU4SACktpl/nTmHqkk8lSpokzm0="}
{"logTime": "1007/153334", "correlationVector":"liRVUuB6JkPsNENLkvWQpK.1","action":"CompareDataConsistency result: ", "result":"Compare result: Bookmarks is consistent. local entities count is: 7 local entities hash is: 15YMDCvQYXL85ahfOq4xHl81Yxg="}
{"logTime": "1007/153334", "correlationVector":"liRVUuB6JkPsNENLkvWQpK.2","action":"CompareDataConsistency result: ", "result":"Compare result: Preferences is consistent. local entities count is: 83 local entities hash is: uS4twYRx5j2RRg4N7rLbX17hO3o="}
{"logTime": "1007/153334", "correlationVector":"liRVUuB6JkPsNENLkvWQpK.3","action":"CompareDataConsistency result: ", "result":"Compare result: Extensions is consistent. local entities count is: 0 local entities hash is: "}
{"logTime": "1007/153334", "correlationVector":"liRVUuB6JkPsNENLkvWQpK.4","action":"CompareDataConsistency result: ", "result":"Compare result: Extension settings is consistent. local entities count is: 0 local entities hash is: "}
{"logTime": "1007/153334", "correlationVector":"liRVUuB6JkPsNENLkvWQpK.5","action":"CompareDataConsistency result: ", "result":"Compare result: History Delete Directives is consistent. local entities count is: 0 local entities hash is: "}
{"logTime": "1007/153334", "correlationVector":"liRVUuB6JkPsNENLkvWQpK.6","action":"CompareDataConsistency result: ", "result":"Server did not send this Send Tab To Self local entities count is: 0 local entities hash is: "}
{"logTime": "1007/153334", "correlationVector":"liRVUuB6JkPsNENLkvWQpK.7","action":"CompareDataConsistency result: ", "result":"Compare result: Web Apps is consistent. local entities count is: 0 local entities hash is: "}
{"logTime": "1007/153334", "correlationVector":"liRVUuB6JkPsNENLkvWQpK.8","action":"CompareDataConsistency result: ", "result":"Server did not send this History local entities count is: 0 local entities hash is: "}
{"logTime": "1007/153334", "correlationVector":"liRVUuB6JkPsNENLkvWQpK.9","action":"CompareDataConsistency result: ", "result":"Compare result: Saved Tab Group is consistent. local entities count is: 0 local entities hash is: "}
{"logTime": "1007/153334", "correlationVector":"liRVUuB6JkPsNENLkvWQpK.10","action":"CompareDataConsistency result: ", "result":"Server did not send this WebAuthn Credentials local entities count is: 0 local entities hash is: "}
{"logTime": "1007/153334", "correlationVector":"liRVUuB6JkPsNENLkvWQpK.11","action":"CompareDataConsistency result: ", "result":"Server did not send this Edge Workspace local entities count is: 0 local entities hash is: "}
{"logTime": "1007/153334", "correlationVector":"liRVUuB6JkPsNENLkvWQpK.12","action":"CompareDataConsistency result: ", "result":"Compare result: Passwords is consistent. local entities count is: 177 local entities hash is: x/jRQcQViKpSFwKMamqqjJfJoEU="}
{"logTime": "1007/153334", "correlationVector":"QgIBy/VPLiIEhm9ILEeFuO","action":"Commit Request", "result":"", "context":Item count: 4
Contributing types: Sessions, Device Info, User Consents}
{"logTime": "1007/153334", "correlationVector":"QgIBy/VPLiIEhm9ILEeFuO.1","action":"SyncServerConnectionManagerRequest", "result":"SYNC_SERVER_OK", "context":{"environment":"Prod_japanwest_prod-s01-066-apac-japanwest", "migrationStage":"NotStarted", "server":"aksw25000000018"}}
{"logTime": "1007/153334", "correlationVector":"QgIBy/VPLiIEhm9ILEeFuO.2","action":"Commit Response", "result":"Success", "context":Result: Success. cV=QgIBy/VPLiIEhm9ILEeFuO.0;server=aksw25000000018;cloudType=Consumer;environment=Prod_japanwest_prod-s01-066-apac-japanwest;migrationStage=NotStarted}
{"logTime": "1007/153334", "correlationVector":"","action":"DIAGNOSTIC_REQUEST|v1/diagnosticData/Diagnostic.SendCheckResult()|SUCCESS", "result":""}
{"logTime": "1007/153506", "correlationVector":"pwyWOceYakXQlwZFcPbnpV","action":"Normal GetUpdate request", "result":"", "context":cV=pwyWOceYakXQlwZFcPbnpV
Nudged types: Sessions
Refresh requested types: Bookmarks, Preferences, Passwords, Autofill Profiles, Autofill, Extensions, Sessions, Extension settings, History Delete Directives, Device Info, User Consents, Send Tab To Self, Web Apps, History, Saved Tab Group, WebAuthn Credentials, Edge Hub App Usage, Edge Workspace, Encryption Keys}
{"logTime": "1007/153506", "correlationVector":"pwyWOceYakXQlwZFcPbnpV.1","action":"SyncServerConnectionManagerRequest", "result":"SYNC_SERVER_OK", "context":{"environment":"Prod_japanwest_prod-s01-066-apac-japanwest", "migrationStage":"NotStarted", "server":"aksw25000000012"}}
{"logTime": "1007/153506", "correlationVector":"pwyWOceYakXQlwZFcPbnpV.2","action":"ProcessGetUpdates", "result":"Done", "context":{"dataType":"Sessions", "deleted":"0", "process_failed_to_decrypt":"0", "process_pending_decryption":"0", "process_success":"2", "total":"2"}}
{"logTime": "1007/153506", "correlationVector":"pwyWOceYakXQlwZFcPbnpV.3","action":"ProcessGetUpdates", "result":"Done", "context":{"dataType":"Device Info", "deleted":"0", "process_failed_to_decrypt":"0", "process_pending_decryption":"0", "process_success":"1", "total":"1"}}
{"logTime": "1007/153506", "correlationVector":"pwyWOceYakXQlwZFcPbnpV.4","action":"GetUpdates Response", "result":"Success", "context":Received 3 update(s). cV=pwyWOceYakXQlwZFcPbnpV.0;server=aksw25000000012;cloudType=Consumer;environment=Prod_japanwest_prod-s01-066-apac-japanwest;migrationStage=NotStarted}
{"logTime": "1007/153506", "correlationVector":"DvUz7lC9IZcCJOAsDsNFNb","action":"Commit Request", "result":"", "context":Item count: 2
Contributing types: Sessions}
{"logTime": "1007/153506", "correlationVector":"DvUz7lC9IZcCJOAsDsNFNb.1","action":"SyncServerConnectionManagerRequest", "result":"SYNC_SERVER_OK", "context":{"environment":"Prod_japanwest_prod-s01-066-apac-japanwest", "migrationStage":"NotStarted", "server":"aksw2500000000a"}}
{"logTime": "1007/153506", "correlationVector":"DvUz7lC9IZcCJOAsDsNFNb.2","action":"Commit Response", "result":"Success", "context":Result: Success. cV=DvUz7lC9IZcCJOAsDsNFNb.0;server=aksw2500000000a;cloudType=Consumer;environment=Prod_japanwest_prod-s01-066-apac-japanwest;migrationStage=NotStarted}
{"logTime": "1007/153604", "correlationVector":"qyagzYeLIP69dYyI7j/I7Z","action":"Normal GetUpdate request", "result":"", "context":cV=qyagzYeLIP69dYyI7j/I7Z
Nudged types: Sessions
Refresh requested types: Bookmarks, Preferences, Passwords, Autofill Profiles, Autofill, Extensions, Sessions, Extension settings, History Delete Directives, Device Info, User Consents, Send Tab To Self, Web Apps, History, Saved Tab Group, WebAuthn Credentials, Edge Hub App Usage, Edge Workspace, Encryption Keys}
{"logTime": "1007/153604", "correlationVector":"qyagzYeLIP69dYyI7j/I7Z.1","action":"SyncServerConnectionManagerRequest", "result":"SYNC_SERVER_OK", "context":{"environment":"Prod_japanwest_prod-s01-066-apac-japanwest", "migrationStage":"NotStarted", "server":"aksw2500000000t"}}
{"logTime": "1007/153604", "correlationVector":"qyagzYeLIP69dYyI7j/I7Z.2","action":"ProcessGetUpdates", "result":"Done", "context":{"dataType":"Sessions", "deleted":"0", "process_failed_to_decrypt":"0", "process_pending_decryption":"0", "process_success":"2", "total":"2"}}
{"logTime": "1007/153604", "correlationVector":"qyagzYeLIP69dYyI7j/I7Z.3","action":"GetUpdates Response", "result":"Success", "context":Received 2 update(s). cV=qyagzYeLIP69dYyI7j/I7Z.0;server=aksw2500000000t;cloudType=Consumer;environment=Prod_japanwest_prod-s01-066-apac-japanwest;migrationStage=NotStarted}
{"logTime": "1007/153604", "correlationVector":"73rKlKeF4iv3z6OZGUXDRD","action":"Commit Request", "result":"", "context":Item count: 2
Contributing types: Sessions}
{"logTime": "1007/153605", "correlationVector":"73rKlKeF4iv3z6OZGUXDRD.1","action":"SyncServerConnectionManagerRequest", "result":"SYNC_SERVER_OK", "context":{"environment":"Prod_japanwest_prod-s01-066-apac-japanwest", "migrationStage":"NotStarted", "server":"aksw2500000000u"}}
{"logTime": "1007/153605", "correlationVector":"73rKlKeF4iv3z6OZGUXDRD.2","action":"Commit Response", "result":"Success", "context":Result: Success. cV=73rKlKeF4iv3z6OZGUXDRD.0;server=aksw2500000000u;cloudType=Consumer;environment=Prod_japanwest_prod-s01-066-apac-japanwest;migrationStage=NotStarted}
{"logTime": "1007/153638", "correlationVector":"y0n1fJTsRYRabLfgSEmvJS","action":"Normal GetUpdate request", "result":"", "context":cV=y0n1fJTsRYRabLfgSEmvJS
Nudged types: Sessions
Refresh requested types: Bookmarks, Preferences, Passwords, Autofill Profiles, Autofill, Extensions, Sessions, Extension settings, History Delete Directives, Device Info, User Consents, Send Tab To Self, Web Apps, History, Saved Tab Group, WebAuthn Credentials, Edge Hub App Usage, Edge Workspace, Encryption Keys}
{"logTime": "1007/153638", "correlationVector":"y0n1fJTsRYRabLfgSEmvJS.1","action":"SyncServerConnectionManagerRequest", "result":"SYNC_SERVER_OK", "context":{"environment":"Prod_japanwest_prod-s01-066-apac-japanwest", "migrationStage":"NotStarted", "server":"aksw25000000004"}}
{"logTime": "1007/153638", "correlationVector":"y0n1fJTsRYRabLfgSEmvJS.2","action":"ProcessGetUpdates", "result":"Done", "context":{"dataType":"Sessions", "deleted":"0", "process_failed_to_decrypt":"0", "process_pending_decryption":"0", "process_success":"2", "total":"2"}}
{"logTime": "1007/153638", "correlationVector":"y0n1fJTsRYRabLfgSEmvJS.3","action":"GetUpdates Response", "result":"Success", "context":Received 2 update(s). cV=y0n1fJTsRYRabLfgSEmvJS.0;server=aksw25000000004;cloudType=Consumer;environment=Prod_japanwest_prod-s01-066-apac-japanwest;migrationStage=NotStarted}
{"logTime": "1007/153638", "correlationVector":"IVwtMMPhHkr9FzmHB/QPEY","action":"Commit Request", "result":"", "context":Item count: 2
Contributing types: Sessions}
{"logTime": "1007/153638", "correlationVector":"IVwtMMPhHkr9FzmHB/QPEY.1","action":"SyncServerConnectionManagerRequest", "result":"SYNC_SERVER_OK", "context":{"environment":"Prod_japanwest_prod-s01-066-apac-japanwest", "migrationStage":"NotStarted", "server":"aksw25000000008"}}
{"logTime": "1007/153638", "correlationVector":"IVwtMMPhHkr9FzmHB/QPEY.2","action":"Commit Response", "result":"Success", "context":Result: Success. cV=IVwtMMPhHkr9FzmHB/QPEY.0;server=aksw25000000008;cloudType=Consumer;environment=Prod_japanwest_prod-s01-066-apac-japanwest;migrationStage=NotStarted}
{"logTime": "1007/154241", "correlationVector":"Ak5qj740IwaPgfVQQXRQCX","action":"Normal GetUpdate request", "result":"", "context":cV=Ak5qj740IwaPgfVQQXRQCX
Nudged types: Sessions
Refresh requested types: Bookmarks, Preferences, Passwords, Autofill Profiles, Autofill, Extensions, Sessions, Extension settings, History Delete Directives, Device Info, User Consents, Send Tab To Self, Web Apps, History, Saved Tab Group, WebAuthn Credentials, Edge Hub App Usage, Edge Workspace, Encryption Keys}
{"logTime": "1007/154241", "correlationVector":"Ak5qj740IwaPgfVQQXRQCX.1","action":"SyncServerConnectionManagerRequest", "result":"SYNC_SERVER_OK", "context":{"environment":"Prod_japanwest_prod-s01-066-apac-japanwest", "migrationStage":"NotStarted", "server":"aksw25000000009"}}
{"logTime": "1007/154241", "correlationVector":"Ak5qj740IwaPgfVQQXRQCX.2","action":"ProcessGetUpdates", "result":"Done", "context":{"dataType":"Sessions", "deleted":"0", "process_failed_to_decrypt":"0", "process_pending_decryption":"0", "process_success":"2", "total":"2"}}
{"logTime": "1007/154241", "correlationVector":"Ak5qj740IwaPgfVQQXRQCX.3","action":"GetUpdates Response", "result":"Success", "context":Received 2 update(s). cV=Ak5qj740IwaPgfVQQXRQCX.0;server=aksw25000000009;cloudType=Consumer;environment=Prod_japanwest_prod-s01-066-apac-japanwest;migrationStage=NotStarted}
{"logTime": "1007/154241", "correlationVector":"Jyr2VC8LM1hsmmnfNTUXp7","action":"Commit Request", "result":"", "context":Item count: 2
Contributing types: Sessions}
{"logTime": "1007/154241", "correlationVector":"Jyr2VC8LM1hsmmnfNTUXp7.1","action":"SyncServerConnectionManagerRequest", "result":"SYNC_SERVER_OK", "context":{"environment":"Prod_japanwest_prod-s01-066-apac-japanwest", "migrationStage":"NotStarted", "server":"aksw25000000019"}}
{"logTime": "1007/154241", "correlationVector":"Jyr2VC8LM1hsmmnfNTUXp7.2","action":"Commit Response", "result":"Success", "context":Result: Success. cV=Jyr2VC8LM1hsmmnfNTUXp7.0;server=aksw25000000019;cloudType=Consumer;environment=Prod_japanwest_prod-s01-066-apac-japanwest;migrationStage=NotStarted}
{"logTime": "1007/154313", "correlationVector":"nPpYMW3+MYQTfVfBJXvAt/","action":"Normal GetUpdate request", "result":"", "context":cV=nPpYMW3+MYQTfVfBJXvAt/
Nudged types: Sessions
Refresh requested types: Bookmarks, Preferences, Passwords, Autofill Profiles, Autofill, Extensions, Sessions, Extension settings, History Delete Directives, Device Info, User Consents, Send Tab To Self, Web Apps, History, Saved Tab Group, WebAuthn Credentials, Edge Hub App Usage, Edge Workspace, Encryption Keys}
{"logTime": "1007/154313", "correlationVector":"nPpYMW3+MYQTfVfBJXvAt/.1","action":"SyncServerConnectionManagerRequest", "result":"SYNC_SERVER_OK", "context":{"environment":"Prod_japanwest_prod-s01-066-apac-japanwest", "migrationStage":"NotStarted", "server":"aksw25000000019"}}
{"logTime": "1007/154313", "correlationVector":"nPpYMW3+MYQTfVfBJXvAt/.2","action":"ProcessGetUpdates", "result":"Done", "context":{"dataType":"Sessions", "deleted":"0", "process_failed_to_decrypt":"0", "process_pending_decryption":"0", "process_success":"2", "total":"2"}}
{"logTime": "1007/154313", "correlationVector":"nPpYMW3+MYQTfVfBJXvAt/.3","action":"GetUpdates Response", "result":"Success", "context":Received 2 update(s). cV=nPpYMW3+MYQTfVfBJXvAt/.0;server=aksw25000000019;cloudType=Consumer;environment=Prod_japanwest_prod-s01-066-apac-japanwest;migrationStage=NotStarted}
{"logTime": "1007/154313", "correlationVector":"YIAIeeF+3mEynTxpPqqo95","action":"Commit Request", "result":"", "context":Item count: 2
Contributing types: Sessions}
{"logTime": "1007/154314", "correlationVector":"YIAIeeF+3mEynTxpPqqo95.1","action":"SyncServerConnectionManagerRequest", "result":"SYNC_SERVER_OK", "context":{"environment":"Prod_japanwest_prod-s01-066-apac-japanwest", "migrationStage":"NotStarted", "server":"aksw2500000000u"}}
{"logTime": "1007/154314", "correlationVector":"YIAIeeF+3mEynTxpPqqo95.2","action":"Commit Response", "result":"Success", "context":Result: Success. cV=YIAIeeF+3mEynTxpPqqo95.0;server=aksw2500000000u;cloudType=Consumer;environment=Prod_japanwest_prod-s01-066-apac-japanwest;migrationStage=NotStarted}
{"logTime": "1007/155153", "correlationVector":"mFQQyCwBFpnOlKjz/qkU7G","action":"Normal GetUpdate request", "result":"", "context":cV=mFQQyCwBFpnOlKjz/qkU7G
Nudged types: Sessions
Refresh requested types: Bookmarks, Preferences, Passwords, Autofill Profiles, Autofill, Extensions, Sessions, Extension settings, History Delete Directives, Device Info, User Consents, Send Tab To Self, Web Apps, History, Saved Tab Group, WebAuthn Credentials, Edge Hub App Usage, Edge Workspace, Encryption Keys}
{"logTime": "1007/155153", "correlationVector":"mFQQyCwBFpnOlKjz/qkU7G.1","action":"SyncServerConnectionManagerRequest", "result":"SYNC_SERVER_OK", "context":{"environment":"Prod_japanwest_prod-s01-066-apac-japanwest", "migrationStage":"NotStarted", "server":"aksw25000000019"}}
{"logTime": "1007/155153", "correlationVector":"mFQQyCwBFpnOlKjz/qkU7G.2","action":"ProcessGetUpdates", "result":"Done", "context":{"dataType":"Sessions", "deleted":"0", "process_failed_to_decrypt":"0", "process_pending_decryption":"0", "process_success":"2", "total":"2"}}
{"logTime": "1007/155153", "correlationVector":"mFQQyCwBFpnOlKjz/qkU7G.3","action":"GetUpdates Response", "result":"Success", "context":Received 2 update(s). cV=mFQQyCwBFpnOlKjz/qkU7G.0;server=aksw25000000019;cloudType=Consumer;environment=Prod_japanwest_prod-s01-066-apac-japanwest;migrationStage=NotStarted}
{"logTime": "1007/155153", "correlationVector":"qRDXXd5VFxkJlnGqykV57S","action":"Commit Request", "result":"", "context":Item count: 2
Contributing types: Sessions}
{"logTime": "1007/155154", "correlationVector":"qRDXXd5VFxkJlnGqykV57S.1","action":"SyncServerConnectionManagerRequest", "result":"SYNC_SERVER_OK", "context":{"environment":"Prod_japanwest_prod-s01-066-apac-japanwest", "migrationStage":"NotStarted", "server":"aksw2500000000b"}}
{"logTime": "1007/155154", "correlationVector":"qRDXXd5VFxkJlnGqykV57S.2","action":"Commit Response", "result":"Success", "context":Result: Success. cV=qRDXXd5VFxkJlnGqykV57S.0;server=aksw2500000000b;cloudType=Consumer;environment=Prod_japanwest_prod-s01-066-apac-japanwest;migrationStage=NotStarted}
{"logTime": "1007/155306", "correlationVector":"G2pj89e5OtsJtBzCnuKJtt","action":"Normal GetUpdate request", "result":"", "context":cV=G2pj89e5OtsJtBzCnuKJtt
Nudged types: Sessions
Refresh requested types: Bookmarks, Preferences, Passwords, Autofill Profiles, Autofill, Extensions, Sessions, Extension settings, History Delete Directives, Device Info, User Consents, Send Tab To Self, Web Apps, History, Saved Tab Group, WebAuthn Credentials, Edge Hub App Usage, Edge Workspace, Encryption Keys}
{"logTime": "1007/155306", "correlationVector":"G2pj89e5OtsJtBzCnuKJtt.1","action":"SyncServerConnectionManagerRequest", "result":"SYNC_SERVER_OK", "context":{"environment":"Prod_japanwest_prod-s01-066-apac-japanwest", "migrationStage":"NotStarted", "server":"aksw2500000000n"}}
{"logTime": "1007/155306", "correlationVector":"G2pj89e5OtsJtBzCnuKJtt.2","action":"ProcessGetUpdates", "result":"Done", "context":{"dataType":"Sessions", "deleted":"0", "process_failed_to_decrypt":"0", "process_pending_decryption":"0", "process_success":"2", "total":"2"}}
{"logTime": "1007/155306", "correlationVector":"G2pj89e5OtsJtBzCnuKJtt.3","action":"GetUpdates Response", "result":"Success", "context":Received 2 update(s). cV=G2pj89e5OtsJtBzCnuKJtt.0;server=aksw2500000000n;cloudType=Consumer;environment=Prod_japanwest_prod-s01-066-apac-japanwest;migrationStage=NotStarted}
{"logTime": "1007/155306", "correlationVector":"uX7sESQAaGrZUXsX24Jltp","action":"Commit Request", "result":"", "context":Item count: 2
Contributing types: Sessions}
{"logTime": "1007/155306", "correlationVector":"uX7sESQAaGrZUXsX24Jltp.1","action":"SyncServerConnectionManagerRequest", "result":"SYNC_SERVER_OK", "context":{"environment":"Prod_japanwest_prod-s01-066-apac-japanwest", "migrationStage":"NotStarted", "server":"aksw2500000000n"}}
{"logTime": "1007/155306", "correlationVector":"uX7sESQAaGrZUXsX24Jltp.2","action":"Commit Response", "result":"Success", "context":Result: Success. cV=uX7sESQAaGrZUXsX24Jltp.0;server=aksw2500000000n;cloudType=Consumer;environment=Prod_japanwest_prod-s01-066-apac-japanwest;migrationStage=NotStarted}
{"logTime": "1007/161000", "correlationVector":"Q28ylH7+zZF6boaxkGbyHQ","action":"Normal GetUpdate request", "result":"", "context":cV=Q28ylH7+zZF6boaxkGbyHQ
Nudged types: Sessions
Refresh requested types: Bookmarks, Preferences, Passwords, Autofill Profiles, Autofill, Extensions, Sessions, Extension settings, History Delete Directives, Device Info, User Consents, Send Tab To Self, Web Apps, History, Saved Tab Group, WebAuthn Credentials, Edge Hub App Usage, Edge Workspace, Encryption Keys}
{"logTime": "1007/161000", "correlationVector":"Q28ylH7+zZF6boaxkGbyHQ.1","action":"SyncServerConnectionManagerRequest", "result":"SYNC_SERVER_OK", "context":{"environment":"Prod_japanwest_prod-s01-066-apac-japanwest", "migrationStage":"NotStarted", "server":"aksw2500000000a"}}
{"logTime": "1007/161000", "correlationVector":"Q28ylH7+zZF6boaxkGbyHQ.2","action":"ProcessGetUpdates", "result":"Done", "context":{"dataType":"Sessions", "deleted":"0", "process_failed_to_decrypt":"0", "process_pending_decryption":"0", "process_success":"2", "total":"2"}}
{"logTime": "1007/161000", "correlationVector":"Q28ylH7+zZF6boaxkGbyHQ.3","action":"GetUpdates Response", "result":"Success", "context":Received 2 update(s). cV=Q28ylH7+zZF6boaxkGbyHQ.0;server=aksw2500000000a;cloudType=Consumer;environment=Prod_japanwest_prod-s01-066-apac-japanwest;migrationStage=NotStarted}
{"logTime": "1007/161000", "correlationVector":"GY9l/lSBBGjd4mhNg43L/W","action":"Commit Request", "result":"", "context":Item count: 2
Contributing types: Sessions}
{"logTime": "1007/161001", "correlationVector":"GY9l/lSBBGjd4mhNg43L/W.1","action":"SyncServerConnectionManagerRequest", "result":"SYNC_SERVER_OK", "context":{"environment":"Prod_japanwest_prod-s01-066-apac-japanwest", "migrationStage":"NotStarted", "server":"aksw25000000018"}}
{"logTime": "1007/161001", "correlationVector":"GY9l/lSBBGjd4mhNg43L/W.2","action":"Commit Response", "result":"Success", "context":Result: Success. cV=GY9l/lSBBGjd4mhNg43L/W.0;server=aksw25000000018;cloudType=Consumer;environment=Prod_japanwest_prod-s01-066-apac-japanwest;migrationStage=NotStarted}
{"logTime": "1007/161127", "correlationVector":"VGTEvHJuXnzoun7nU3GZgn","action":"Normal GetUpdate request", "result":"", "context":cV=VGTEvHJuXnzoun7nU3GZgn
Nudged types: Sessions
Refresh requested types: Bookmarks, Preferences, Passwords, Autofill Profiles, Autofill, Extensions, Sessions, Extension settings, History Delete Directives, Device Info, User Consents, Send Tab To Self, Web Apps, History, Saved Tab Group, WebAuthn Credentials, Edge Hub App Usage, Edge Workspace, Encryption Keys}
{"logTime": "1007/161127", "correlationVector":"VGTEvHJuXnzoun7nU3GZgn.1","action":"SyncServerConnectionManagerRequest", "result":"SYNC_SERVER_OK", "context":{"environment":"Prod_japanwest_prod-s01-066-apac-japanwest", "migrationStage":"NotStarted", "server":"aksw25000000019"}}
{"logTime": "1007/161127", "correlationVector":"VGTEvHJuXnzoun7nU3GZgn.2","action":"ProcessGetUpdates", "result":"Done", "context":{"dataType":"Sessions", "deleted":"0", "process_failed_to_decrypt":"0", "process_pending_decryption":"0", "process_success":"2", "total":"2"}}
{"logTime": "1007/161127", "correlationVector":"VGTEvHJuXnzoun7nU3GZgn.3","action":"GetUpdates Response", "result":"Success", "context":Received 2 update(s). cV=VGTEvHJuXnzoun7nU3GZgn.0;server=aksw25000000019;cloudType=Consumer;environment=Prod_japanwest_prod-s01-066-apac-japanwest;migrationStage=NotStarted}
{"logTime": "1007/161127", "correlationVector":"uUt9msBetq4W4ueIsC/8x+","action":"Commit Request", "result":"", "context":Item count: 2
Contributing types: Sessions}
{"logTime": "1007/161127", "correlationVector":"uUt9msBetq4W4ueIsC/8x+.1","action":"SyncServerConnectionManagerRequest", "result":"SYNC_SERVER_OK", "context":{"environment":"Prod_japanwest_prod-s01-066-apac-japanwest", "migrationStage":"NotStarted", "server":"aksw2500000000z"}}
{"logTime": "1007/161127", "correlationVector":"uUt9msBetq4W4ueIsC/8x+.2","action":"Commit Response", "result":"Success", "context":Result: Success. cV=uUt9msBetq4W4ueIsC/8x+.0;server=aksw2500000000z;cloudType=Consumer;environment=Prod_japanwest_prod-s01-066-apac-japanwest;migrationStage=NotStarted}
