2026-10-08 05:50:59.192: [INFO] CurrentProfilePath: C:\Users\dl1wj\OneDrive\Desktop\이력서\상공회\jhleedev00.github.io\tmp\edge-a4-profile-v10\Default
2026-10-08 05:50:59.192: [INFO] Profiles total count: 1
2026-10-08 05:50:59.192: [INFO] Profile: name=프로필 1 path=C:\Users\dl1wj\OneDrive\Desktop\이력서\상공회\jhleedev00.github.io\tmp\edge-a4-profile-v10\Default lastActive=2026-10-08T05:50:59.170Z
2026-10-08 05:50:59.192: [INFO] LastUsedProfileDir: C:\Users\dl1wj\OneDrive\Desktop\이력서\상공회\jhleedev00.github.io\tmp\edge-a4-profile-v10\Default
2026-10-08 05:50:59.192: [INFO] MostRecentlyActiveProfile: name=프로필 1 path=C:\Users\dl1wj\OneDrive\Desktop\이력서\상공회\jhleedev00.github.io\tmp\edge-a4-profile-v10\Default lastActive=2026-10-08T05:50:59.170Z
2026-10-08 05:50:59.192: [INFO] OnDoneLoading sync enabled: 0
2026-10-08 05:50:59.192: [INFO] BookmarkModelLoaded, ids_reassigned: 0
2026-10-08 05:50:59.192: [INFO] BookmarksLoadDropped droppedNodes=0
2026-10-08 05:50:59.192: [INFO] BookmarksSnapshot Startup total=2 bar=2 other=0 mobile=0 showBar=0 showBarNTP=1
2026-10-08 05:50:59.258: [INFO] RecordSyncInitDuration has_sync_been_enabled: 0 state: 0
2026-10-08 05:50:59.484: [INFO] VisibilityChanged: 0
2026-10-08 05:51:01.242: [INFO] RecordSyncInitDuration has_sync_been_enabled: 0 state: 0
2026-10-08 05:51:01.249: [INFO] RecordSyncInitDuration has_sync_been_enabled: 0 state: 3
2026-10-08 05:51:01.255: [INFO] Primary account changed.
2026-10-08 05:51:01.255: [INFO] OnPrimaryAccountChanged PrimaryAccountChangeEvent::Type::kSet
2026-10-08 05:51:01.273: [INFO] RecordSyncInitDuration has_sync_been_enabled: 0 state: 3
2026-10-08 05:51:01.430: [INFO] RecordSyncInitDuration has_sync_been_enabled: 0 state: 3
2026-10-08 05:51:03.894: [INFO] BookmarkNodeAdded, ABU: 0
2026-10-08 05:51:03.894: [INFO] BookmarkNodeAdded, ABU: 0
2026-10-08 05:51:03.894: [INFO] BookmarkNodeAdded, ABU: 0
2026-10-08 05:51:03.894: [INFO] BookmarkNodeAdded, ABU: 0
2026-10-08 05:51:03.894: [INFO] BookmarkNodeAdded, ABU: 0
2026-10-08 05:51:03.894: [INFO] BookmarkNodeAdded, ABU: 0
2026-10-08 05:51:03.895: [INFO] BookmarkNodeAdded, ABU: 0
2026-10-08 05:51:03.909: [INFO] BookmarkBarPrefChanged showBar=0 showBarNTP=0
2026-10-08 05:51:03.959: [INFO] VisibilityChanged: 1
2026-10-08 05:51:04.205: [INFO] Sync initialization duration: 2456ms
2026-10-08 05:51:16.166: [INFO] BookmarksSnapshot Shutdown total=9 bar=9 other=0 mobile=0 showBar=1 showBarNTP=0
