2026-10-07 16:12:17.608: [INFO] CurrentProfilePath: C:\Users\dl1wj\OneDrive\Desktop\이력서\상공회\jhleedev00.github.io\tmp\edge-a4-profile-v3\Default
2026-10-07 16:12:17.608: [INFO] Profiles total count: 1
2026-10-07 16:12:17.608: [INFO] Profile: name=프로필 1 path=C:\Users\dl1wj\OneDrive\Desktop\이력서\상공회\jhleedev00.github.io\tmp\edge-a4-profile-v3\Default lastActive=2026-10-07T16:12:17.594Z
2026-10-07 16:12:17.608: [INFO] LastUsedProfileDir: C:\Users\dl1wj\OneDrive\Desktop\이력서\상공회\jhleedev00.github.io\tmp\edge-a4-profile-v3\Default
2026-10-07 16:12:17.608: [INFO] MostRecentlyActiveProfile: name=프로필 1 path=C:\Users\dl1wj\OneDrive\Desktop\이력서\상공회\jhleedev00.github.io\tmp\edge-a4-profile-v3\Default lastActive=2026-10-07T16:12:17.594Z
2026-10-07 16:12:17.608: [INFO] OnDoneLoading sync enabled: 0
2026-10-07 16:12:17.608: [INFO] BookmarkModelLoaded, ids_reassigned: 0
2026-10-07 16:12:17.608: [INFO] BookmarksLoadDropped droppedNodes=0
2026-10-07 16:12:17.608: [INFO] BookmarksSnapshot Startup total=2 bar=2 other=0 mobile=0 showBar=0 showBarNTP=1
2026-10-07 16:12:17.653: [INFO] RecordSyncInitDuration has_sync_been_enabled: 0 state: 0
2026-10-07 16:12:17.741: [INFO] VisibilityChanged: 0
2026-10-07 16:12:18.083: [INFO] RecordSyncInitDuration has_sync_been_enabled: 0 state: 0
2026-10-07 16:12:18.086: [INFO] RecordSyncInitDuration has_sync_been_enabled: 0 state: 3
2026-10-07 16:12:18.088: [INFO] Primary account changed.
2026-10-07 16:12:18.088: [INFO] OnPrimaryAccountChanged PrimaryAccountChangeEvent::Type::kSet
2026-10-07 16:12:18.095: [INFO] RecordSyncInitDuration has_sync_been_enabled: 0 state: 3
2026-10-07 16:12:18.114: [INFO] RecordSyncInitDuration has_sync_been_enabled: 0 state: 3
2026-10-07 16:12:19.562: [INFO] BookmarkNodeAdded, ABU: 0
2026-10-07 16:12:19.562: [INFO] BookmarkNodeAdded, ABU: 0
2026-10-07 16:12:19.562: [INFO] BookmarkNodeAdded, ABU: 0
2026-10-07 16:12:19.562: [INFO] BookmarkNodeAdded, ABU: 0
2026-10-07 16:12:19.562: [INFO] BookmarkNodeAdded, ABU: 0
2026-10-07 16:12:19.562: [INFO] BookmarkNodeAdded, ABU: 0
2026-10-07 16:12:19.562: [INFO] BookmarkNodeAdded, ABU: 0
2026-10-07 16:12:19.570: [INFO] BookmarkBarPrefChanged showBar=0 showBarNTP=0
2026-10-07 16:12:19.581: [INFO] VisibilityChanged: 1
2026-10-07 16:12:19.695: [INFO] Sync initialization duration: 1488ms
2026-10-07 16:12:25.706: [INFO] BookmarksSnapshot Shutdown total=9 bar=9 other=0 mobile=0 showBar=1 showBarNTP=0
