2026-10-08 06:44:37.399: [INFO] CurrentProfilePath: C:\Users\dl1wj\OneDrive\Desktop\이력서\상공회\jhleedev00.github.io\tmp\edge-a4-profile-v13\Default
2026-10-08 06:44:37.399: [INFO] Profiles total count: 1
2026-10-08 06:44:37.399: [INFO] Profile: name=프로필 1 path=C:\Users\dl1wj\OneDrive\Desktop\이력서\상공회\jhleedev00.github.io\tmp\edge-a4-profile-v13\Default lastActive=2026-10-08T06:44:37.372Z
2026-10-08 06:44:37.399: [INFO] LastUsedProfileDir: C:\Users\dl1wj\OneDrive\Desktop\이력서\상공회\jhleedev00.github.io\tmp\edge-a4-profile-v13\Default
2026-10-08 06:44:37.399: [INFO] MostRecentlyActiveProfile: name=프로필 1 path=C:\Users\dl1wj\OneDrive\Desktop\이력서\상공회\jhleedev00.github.io\tmp\edge-a4-profile-v13\Default lastActive=2026-10-08T06:44:37.372Z
2026-10-08 06:44:37.399: [INFO] OnDoneLoading sync enabled: 0
2026-10-08 06:44:37.399: [INFO] BookmarkModelLoaded, ids_reassigned: 0
2026-10-08 06:44:37.399: [INFO] BookmarksLoadDropped droppedNodes=0
2026-10-08 06:44:37.399: [INFO] BookmarksSnapshot Startup total=2 bar=2 other=0 mobile=0 showBar=0 showBarNTP=1
2026-10-08 06:44:37.474: [INFO] RecordSyncInitDuration has_sync_been_enabled: 0 state: 0
2026-10-08 06:44:37.786: [INFO] VisibilityChanged: 0
2026-10-08 06:44:42.387: [INFO] RecordSyncInitDuration has_sync_been_enabled: 0 state: 0
2026-10-08 06:44:42.394: [INFO] RecordSyncInitDuration has_sync_been_enabled: 0 state: 3
2026-10-08 06:44:42.404: [INFO] Primary account changed.
2026-10-08 06:44:42.404: [INFO] OnPrimaryAccountChanged PrimaryAccountChangeEvent::Type::kSet
2026-10-08 06:44:42.417: [INFO] RecordSyncInitDuration has_sync_been_enabled: 0 state: 3
2026-10-08 06:44:42.556: [INFO] RecordSyncInitDuration has_sync_been_enabled: 0 state: 3
2026-10-08 06:44:45.405: [INFO] BookmarkNodeAdded, ABU: 0
2026-10-08 06:44:45.406: [INFO] BookmarkNodeAdded, ABU: 0
2026-10-08 06:44:45.406: [INFO] BookmarkNodeAdded, ABU: 0
2026-10-08 06:44:45.406: [INFO] BookmarkNodeAdded, ABU: 0
2026-10-08 06:44:45.406: [INFO] BookmarkNodeAdded, ABU: 0
2026-10-08 06:44:45.406: [INFO] BookmarkNodeAdded, ABU: 0
2026-10-08 06:44:45.408: [INFO] BookmarkNodeAdded, ABU: 0
2026-10-08 06:44:45.425: [INFO] BookmarkBarPrefChanged showBar=0 showBarNTP=0
2026-10-08 06:44:45.478: [INFO] VisibilityChanged: 1
2026-10-08 06:44:45.750: [INFO] Sync initialization duration: 3128ms
2026-10-08 06:44:53.521: [INFO] BookmarksSnapshot Shutdown total=9 bar=9 other=0 mobile=0 showBar=1 showBarNTP=0
