2026-10-07 16:55:09.171: [INFO] CurrentProfilePath: C:\Users\dl1wj\OneDrive\Desktop\이력서\상공회\jhleedev00.github.io\tmp\edge-a4-profile-v5\Default
2026-10-07 16:55:09.172: [INFO] Profiles total count: 1
2026-10-07 16:55:09.172: [INFO] Profile: name=프로필 1 path=C:\Users\dl1wj\OneDrive\Desktop\이력서\상공회\jhleedev00.github.io\tmp\edge-a4-profile-v5\Default lastActive=2026-10-07T16:55:09.155Z
2026-10-07 16:55:09.172: [INFO] LastUsedProfileDir: C:\Users\dl1wj\OneDrive\Desktop\이력서\상공회\jhleedev00.github.io\tmp\edge-a4-profile-v5\Default
2026-10-07 16:55:09.172: [INFO] MostRecentlyActiveProfile: name=프로필 1 path=C:\Users\dl1wj\OneDrive\Desktop\이력서\상공회\jhleedev00.github.io\tmp\edge-a4-profile-v5\Default lastActive=2026-10-07T16:55:09.155Z
2026-10-07 16:55:09.172: [INFO] OnDoneLoading sync enabled: 0
2026-10-07 16:55:09.172: [INFO] BookmarkModelLoaded, ids_reassigned: 0
2026-10-07 16:55:09.172: [INFO] BookmarksLoadDropped droppedNodes=0
2026-10-07 16:55:09.172: [INFO] BookmarksSnapshot Startup total=2 bar=2 other=0 mobile=0 showBar=0 showBarNTP=1
2026-10-07 16:55:09.174: [INFO] RecordSyncInitDuration has_sync_been_enabled: 0 state: 0
2026-10-07 16:55:09.331: [INFO] VisibilityChanged: 0
2026-10-07 16:55:10.764: [INFO] RecordSyncInitDuration has_sync_been_enabled: 0 state: 0
2026-10-07 16:55:10.768: [INFO] RecordSyncInitDuration has_sync_been_enabled: 0 state: 3
2026-10-07 16:55:10.771: [INFO] Primary account changed.
2026-10-07 16:55:10.771: [INFO] OnPrimaryAccountChanged PrimaryAccountChangeEvent::Type::kSet
2026-10-07 16:55:10.780: [INFO] RecordSyncInitDuration has_sync_been_enabled: 0 state: 3
2026-10-07 16:55:10.796: [INFO] RecordSyncInitDuration has_sync_been_enabled: 0 state: 3
2026-10-07 16:55:12.540: [INFO] BookmarkNodeAdded, ABU: 0
2026-10-07 16:55:12.541: [INFO] BookmarkNodeAdded, ABU: 0
2026-10-07 16:55:12.541: [INFO] BookmarkNodeAdded, ABU: 0
2026-10-07 16:55:12.541: [INFO] BookmarkNodeAdded, ABU: 0
2026-10-07 16:55:12.541: [INFO] BookmarkNodeAdded, ABU: 0
2026-10-07 16:55:12.541: [INFO] BookmarkNodeAdded, ABU: 0
2026-10-07 16:55:12.542: [INFO] BookmarkNodeAdded, ABU: 0
2026-10-07 16:55:12.548: [INFO] BookmarkBarPrefChanged showBar=0 showBarNTP=0
2026-10-07 16:55:12.576: [INFO] VisibilityChanged: 1
2026-10-07 16:55:12.667: [INFO] Sync initialization duration: 1798ms
2026-10-07 16:55:17.091: [INFO] BookmarksSnapshot Shutdown total=9 bar=9 other=0 mobile=0 showBar=1 showBarNTP=0
