2026-10-07 16:56:19.637: [INFO] CurrentProfilePath: C:\Users\dl1wj\OneDrive\Desktop\이력서\상공회\jhleedev00.github.io\tmp\edge-a4-profile-v6\Default
2026-10-07 16:56:19.637: [INFO] Profiles total count: 1
2026-10-07 16:56:19.637: [INFO] Profile: name=프로필 1 path=C:\Users\dl1wj\OneDrive\Desktop\이력서\상공회\jhleedev00.github.io\tmp\edge-a4-profile-v6\Default lastActive=2026-10-07T16:56:19.623Z
2026-10-07 16:56:19.637: [INFO] LastUsedProfileDir: C:\Users\dl1wj\OneDrive\Desktop\이력서\상공회\jhleedev00.github.io\tmp\edge-a4-profile-v6\Default
2026-10-07 16:56:19.637: [INFO] MostRecentlyActiveProfile: name=프로필 1 path=C:\Users\dl1wj\OneDrive\Desktop\이력서\상공회\jhleedev00.github.io\tmp\edge-a4-profile-v6\Default lastActive=2026-10-07T16:56:19.623Z
2026-10-07 16:56:19.637: [INFO] OnDoneLoading sync enabled: 0
2026-10-07 16:56:19.637: [INFO] BookmarkModelLoaded, ids_reassigned: 0
2026-10-07 16:56:19.637: [INFO] BookmarksLoadDropped droppedNodes=0
2026-10-07 16:56:19.637: [INFO] BookmarksSnapshot Startup total=2 bar=2 other=0 mobile=0 showBar=0 showBarNTP=1
2026-10-07 16:56:19.700: [INFO] RecordSyncInitDuration has_sync_been_enabled: 0 state: 0
2026-10-07 16:56:19.837: [INFO] VisibilityChanged: 0
2026-10-07 16:56:20.867: [INFO] RecordSyncInitDuration has_sync_been_enabled: 0 state: 0
2026-10-07 16:56:20.870: [INFO] RecordSyncInitDuration has_sync_been_enabled: 0 state: 3
2026-10-07 16:56:20.873: [INFO] Primary account changed.
2026-10-07 16:56:20.873: [INFO] OnPrimaryAccountChanged PrimaryAccountChangeEvent::Type::kSet
2026-10-07 16:56:20.880: [INFO] RecordSyncInitDuration has_sync_been_enabled: 0 state: 3
2026-10-07 16:56:20.907: [INFO] RecordSyncInitDuration has_sync_been_enabled: 0 state: 3
2026-10-07 16:56:22.558: [INFO] BookmarkNodeAdded, ABU: 0
2026-10-07 16:56:22.558: [INFO] BookmarkNodeAdded, ABU: 0
2026-10-07 16:56:22.558: [INFO] BookmarkNodeAdded, ABU: 0
2026-10-07 16:56:22.558: [INFO] BookmarkNodeAdded, ABU: 0
2026-10-07 16:56:22.558: [INFO] BookmarkNodeAdded, ABU: 0
2026-10-07 16:56:22.558: [INFO] BookmarkNodeAdded, ABU: 0
2026-10-07 16:56:22.558: [INFO] BookmarkNodeAdded, ABU: 0
2026-10-07 16:56:22.567: [INFO] BookmarkBarPrefChanged showBar=0 showBarNTP=0
2026-10-07 16:56:22.588: [INFO] VisibilityChanged: 1
2026-10-07 16:56:22.730: [INFO] Sync initialization duration: 1757ms
2026-10-07 16:56:30.384: [INFO] BookmarksSnapshot Shutdown total=9 bar=9 other=0 mobile=0 showBar=1 showBarNTP=0
