2026-10-07 15:33:28.648: [INFO] CurrentProfilePath: C:\Users\dl1wj\OneDrive\Desktop\이력서\상공회\jhleedev00.github.io\tmp\edge-a4-profile-v2\Default
2026-10-07 15:33:28.648: [INFO] Profiles total count: 1
2026-10-07 15:33:28.648: [INFO] Profile: name=프로필 1 path=C:\Users\dl1wj\OneDrive\Desktop\이력서\상공회\jhleedev00.github.io\tmp\edge-a4-profile-v2\Default lastActive=2026-10-07T15:33:28.632Z
2026-10-07 15:33:28.648: [INFO] LastUsedProfileDir: C:\Users\dl1wj\OneDrive\Desktop\이력서\상공회\jhleedev00.github.io\tmp\edge-a4-profile-v2\Default
2026-10-07 15:33:28.648: [INFO] MostRecentlyActiveProfile: name=프로필 1 path=C:\Users\dl1wj\OneDrive\Desktop\이력서\상공회\jhleedev00.github.io\tmp\edge-a4-profile-v2\Default lastActive=2026-10-07T15:33:28.632Z
2026-10-07 15:33:28.648: [INFO] OnDoneLoading sync enabled: 0
2026-10-07 15:33:28.648: [INFO] BookmarkModelLoaded, ids_reassigned: 0
2026-10-07 15:33:28.648: [INFO] BookmarksLoadDropped droppedNodes=0
2026-10-07 15:33:28.648: [INFO] BookmarksSnapshot Startup total=2 bar=2 other=0 mobile=0 showBar=0 showBarNTP=1
2026-10-07 15:33:28.697: [INFO] RecordSyncInitDuration has_sync_been_enabled: 0 state: 0
2026-10-07 15:33:28.839: [INFO] VisibilityChanged: 0
2026-10-07 15:33:31.445: [INFO] RecordSyncInitDuration has_sync_been_enabled: 0 state: 0
2026-10-07 15:33:31.448: [INFO] RecordSyncInitDuration has_sync_been_enabled: 0 state: 3
2026-10-07 15:33:31.450: [INFO] Primary account changed.
2026-10-07 15:33:31.450: [INFO] OnPrimaryAccountChanged PrimaryAccountChangeEvent::Type::kSet
2026-10-07 15:33:31.456: [INFO] RecordSyncInitDuration has_sync_been_enabled: 0 state: 3
2026-10-07 15:33:31.485: [INFO] RecordSyncInitDuration has_sync_been_enabled: 0 state: 3
2026-10-07 15:33:33.752: [INFO] BookmarkNodeAdded, ABU: 0
2026-10-07 15:33:33.752: [INFO] BookmarkNodeAdded, ABU: 0
2026-10-07 15:33:33.752: [INFO] BookmarkNodeAdded, ABU: 0
2026-10-07 15:33:33.752: [INFO] BookmarkNodeAdded, ABU: 0
2026-10-07 15:33:33.752: [INFO] BookmarkNodeAdded, ABU: 0
2026-10-07 15:33:33.753: [INFO] BookmarkNodeAdded, ABU: 0
2026-10-07 15:33:33.753: [INFO] BookmarkNodeAdded, ABU: 0
2026-10-07 15:33:33.760: [INFO] BookmarkBarPrefChanged showBar=0 showBarNTP=0
2026-10-07 15:33:33.788: [INFO] VisibilityChanged: 1
2026-10-07 15:33:33.884: [INFO] Sync initialization duration: 2303ms
2026-10-07 15:33:37.416: [INFO] BookmarksSnapshot Shutdown total=9 bar=9 other=0 mobile=0 showBar=1 showBarNTP=0
2026-10-07 15:35:06.142: [INFO] CurrentProfilePath: C:\Users\dl1wj\OneDrive\Desktop\이력서\상공회\jhleedev00.github.io\tmp\edge-a4-profile-v2\Default
2026-10-07 15:35:06.142: [INFO] Profiles total count: 1
2026-10-07 15:35:06.143: [INFO] Profile: name=개인 path=C:\Users\dl1wj\OneDrive\Desktop\이력서\상공회\jhleedev00.github.io\tmp\edge-a4-profile-v2\Default lastActive=2026-10-07T15:35:06.128Z
2026-10-07 15:35:06.143: [INFO] LastUsedProfileDir: C:\Users\dl1wj\OneDrive\Desktop\이력서\상공회\jhleedev00.github.io\tmp\edge-a4-profile-v2\Default
2026-10-07 15:35:06.143: [INFO] MostRecentlyActiveProfile: name=개인 path=C:\Users\dl1wj\OneDrive\Desktop\이력서\상공회\jhleedev00.github.io\tmp\edge-a4-profile-v2\Default lastActive=2026-10-07T15:35:06.128Z
2026-10-07 15:35:06.143: [INFO] OnDoneLoading sync enabled: 1
2026-10-07 15:35:06.143: [INFO] BookmarkModelLoaded, ids_reassigned: 0
2026-10-07 15:35:06.143: [INFO] BookmarksLoadDropped droppedNodes=0
2026-10-07 15:35:06.143: [INFO] BookmarksSnapshot Startup total=9 bar=9 other=0 mobile=0 showBar=1 showBarNTP=0
2026-10-07 15:35:06.356: [INFO] Sync initialization duration: 19ms
2026-10-07 15:35:12.669: [INFO] BookmarksSnapshot Shutdown total=9 bar=9 other=0 mobile=0 showBar=1 showBarNTP=0
2026-10-07 15:36:04.508: [INFO] CurrentProfilePath: C:\Users\dl1wj\OneDrive\Desktop\이력서\상공회\jhleedev00.github.io\tmp\edge-a4-profile-v2\Default
2026-10-07 15:36:04.508: [INFO] Profiles total count: 1
2026-10-07 15:36:04.508: [INFO] Profile: name=개인 path=C:\Users\dl1wj\OneDrive\Desktop\이력서\상공회\jhleedev00.github.io\tmp\edge-a4-profile-v2\Default lastActive=2026-10-07T15:36:04.495Z
2026-10-07 15:36:04.508: [INFO] LastUsedProfileDir: C:\Users\dl1wj\OneDrive\Desktop\이력서\상공회\jhleedev00.github.io\tmp\edge-a4-profile-v2\Default
2026-10-07 15:36:04.508: [INFO] MostRecentlyActiveProfile: name=개인 path=C:\Users\dl1wj\OneDrive\Desktop\이력서\상공회\jhleedev00.github.io\tmp\edge-a4-profile-v2\Default lastActive=2026-10-07T15:36:04.495Z
2026-10-07 15:36:04.508: [INFO] OnDoneLoading sync enabled: 1
2026-10-07 15:36:04.508: [INFO] BookmarkModelLoaded, ids_reassigned: 0
2026-10-07 15:36:04.508: [INFO] BookmarksLoadDropped droppedNodes=0
2026-10-07 15:36:04.508: [INFO] BookmarksSnapshot Startup total=9 bar=9 other=0 mobile=0 showBar=1 showBarNTP=0
2026-10-07 15:36:04.719: [INFO] Sync initialization duration: 21ms
2026-10-07 15:36:10.952: [INFO] BookmarksSnapshot Shutdown total=9 bar=9 other=0 mobile=0 showBar=1 showBarNTP=0
2026-10-07 15:36:38.416: [INFO] CurrentProfilePath: C:\Users\dl1wj\OneDrive\Desktop\이력서\상공회\jhleedev00.github.io\tmp\edge-a4-profile-v2\Default
2026-10-07 15:36:38.416: [INFO] Profiles total count: 1
2026-10-07 15:36:38.416: [INFO] Profile: name=개인 path=C:\Users\dl1wj\OneDrive\Desktop\이력서\상공회\jhleedev00.github.io\tmp\edge-a4-profile-v2\Default lastActive=2026-10-07T15:36:38.401Z
2026-10-07 15:36:38.416: [INFO] LastUsedProfileDir: C:\Users\dl1wj\OneDrive\Desktop\이력서\상공회\jhleedev00.github.io\tmp\edge-a4-profile-v2\Default
2026-10-07 15:36:38.416: [INFO] MostRecentlyActiveProfile: name=개인 path=C:\Users\dl1wj\OneDrive\Desktop\이력서\상공회\jhleedev00.github.io\tmp\edge-a4-profile-v2\Default lastActive=2026-10-07T15:36:38.401Z
2026-10-07 15:36:38.416: [INFO] OnDoneLoading sync enabled: 1
2026-10-07 15:36:38.416: [INFO] BookmarkModelLoaded, ids_reassigned: 0
2026-10-07 15:36:38.416: [INFO] BookmarksLoadDropped droppedNodes=0
2026-10-07 15:36:38.416: [INFO] BookmarksSnapshot Startup total=9 bar=9 other=0 mobile=0 showBar=1 showBarNTP=0
2026-10-07 15:36:38.715: [INFO] Sync initialization duration: 85ms
2026-10-07 15:36:44.940: [INFO] BookmarksSnapshot Shutdown total=9 bar=9 other=0 mobile=0 showBar=1 showBarNTP=0
2026-10-07 15:42:39.641: [INFO] CurrentProfilePath: C:\Users\dl1wj\OneDrive\Desktop\이력서\상공회\jhleedev00.github.io\tmp\edge-a4-profile-v2\Default
2026-10-07 15:42:39.641: [INFO] Profiles total count: 1
2026-10-07 15:42:39.641: [INFO] Profile: name=개인 path=C:\Users\dl1wj\OneDrive\Desktop\이력서\상공회\jhleedev00.github.io\tmp\edge-a4-profile-v2\Default lastActive=2026-10-07T15:42:39.628Z
2026-10-07 15:42:39.641: [INFO] LastUsedProfileDir: C:\Users\dl1wj\OneDrive\Desktop\이력서\상공회\jhleedev00.github.io\tmp\edge-a4-profile-v2\Default
2026-10-07 15:42:39.641: [INFO] MostRecentlyActiveProfile: name=개인 path=C:\Users\dl1wj\OneDrive\Desktop\이력서\상공회\jhleedev00.github.io\tmp\edge-a4-profile-v2\Default lastActive=2026-10-07T15:42:39.628Z
2026-10-07 15:42:39.641: [INFO] OnDoneLoading sync enabled: 1
2026-10-07 15:42:39.641: [INFO] BookmarkModelLoaded, ids_reassigned: 0
2026-10-07 15:42:39.641: [INFO] BookmarksLoadDropped droppedNodes=0
2026-10-07 15:42:39.641: [INFO] BookmarksSnapshot Startup total=9 bar=9 other=0 mobile=0 showBar=1 showBarNTP=0
2026-10-07 15:42:39.895: [INFO] Sync initialization duration: 21ms
2026-10-07 15:42:46.355: [INFO] BookmarksSnapshot Shutdown total=9 bar=9 other=0 mobile=0 showBar=1 showBarNTP=0
2026-10-07 15:43:13.479: [INFO] CurrentProfilePath: C:\Users\dl1wj\OneDrive\Desktop\이력서\상공회\jhleedev00.github.io\tmp\edge-a4-profile-v2\Default
2026-10-07 15:43:13.479: [INFO] Profiles total count: 1
2026-10-07 15:43:13.480: [INFO] Profile: name=개인 path=C:\Users\dl1wj\OneDrive\Desktop\이력서\상공회\jhleedev00.github.io\tmp\edge-a4-profile-v2\Default lastActive=2026-10-07T15:43:13.466Z
2026-10-07 15:43:13.480: [INFO] LastUsedProfileDir: C:\Users\dl1wj\OneDrive\Desktop\이력서\상공회\jhleedev00.github.io\tmp\edge-a4-profile-v2\Default
2026-10-07 15:43:13.480: [INFO] MostRecentlyActiveProfile: name=개인 path=C:\Users\dl1wj\OneDrive\Desktop\이력서\상공회\jhleedev00.github.io\tmp\edge-a4-profile-v2\Default lastActive=2026-10-07T15:43:13.466Z
2026-10-07 15:43:13.480: [INFO] OnDoneLoading sync enabled: 1
2026-10-07 15:43:13.480: [INFO] BookmarkModelLoaded, ids_reassigned: 0
2026-10-07 15:43:13.480: [INFO] BookmarksLoadDropped droppedNodes=0
2026-10-07 15:43:13.480: [INFO] BookmarksSnapshot Startup total=9 bar=9 other=0 mobile=0 showBar=1 showBarNTP=0
2026-10-07 15:43:13.705: [INFO] Sync initialization duration: 27ms
2026-10-07 15:43:20.362: [INFO] BookmarksSnapshot Shutdown total=9 bar=9 other=0 mobile=0 showBar=1 showBarNTP=0
2026-10-07 15:51:52.314: [INFO] CurrentProfilePath: C:\Users\dl1wj\OneDrive\Desktop\이력서\상공회\jhleedev00.github.io\tmp\edge-a4-profile-v2\Default
2026-10-07 15:51:52.314: [INFO] Profiles total count: 1
2026-10-07 15:51:52.314: [INFO] Profile: name=개인 path=C:\Users\dl1wj\OneDrive\Desktop\이력서\상공회\jhleedev00.github.io\tmp\edge-a4-profile-v2\Default lastActive=2026-10-07T15:51:52.302Z
2026-10-07 15:51:52.314: [INFO] LastUsedProfileDir: C:\Users\dl1wj\OneDrive\Desktop\이력서\상공회\jhleedev00.github.io\tmp\edge-a4-profile-v2\Default
2026-10-07 15:51:52.314: [INFO] MostRecentlyActiveProfile: name=개인 path=C:\Users\dl1wj\OneDrive\Desktop\이력서\상공회\jhleedev00.github.io\tmp\edge-a4-profile-v2\Default lastActive=2026-10-07T15:51:52.302Z
2026-10-07 15:51:52.314: [INFO] OnDoneLoading sync enabled: 1
2026-10-07 15:51:52.314: [INFO] BookmarkModelLoaded, ids_reassigned: 0
2026-10-07 15:51:52.314: [INFO] BookmarksLoadDropped droppedNodes=0
2026-10-07 15:51:52.314: [INFO] BookmarksSnapshot Startup total=9 bar=9 other=0 mobile=0 showBar=1 showBarNTP=0
2026-10-07 15:51:52.567: [INFO] Sync initialization duration: 29ms
2026-10-07 15:51:59.029: [INFO] BookmarksSnapshot Shutdown total=9 bar=9 other=0 mobile=0 showBar=1 showBarNTP=0
2026-10-07 15:53:06.181: [INFO] CurrentProfilePath: C:\Users\dl1wj\OneDrive\Desktop\이력서\상공회\jhleedev00.github.io\tmp\edge-a4-profile-v2\Default
2026-10-07 15:53:06.181: [INFO] Profiles total count: 1
2026-10-07 15:53:06.181: [INFO] Profile: name=개인 path=C:\Users\dl1wj\OneDrive\Desktop\이력서\상공회\jhleedev00.github.io\tmp\edge-a4-profile-v2\Default lastActive=2026-10-07T15:53:06.166Z
2026-10-07 15:53:06.181: [INFO] LastUsedProfileDir: C:\Users\dl1wj\OneDrive\Desktop\이력서\상공회\jhleedev00.github.io\tmp\edge-a4-profile-v2\Default
2026-10-07 15:53:06.181: [INFO] MostRecentlyActiveProfile: name=개인 path=C:\Users\dl1wj\OneDrive\Desktop\이력서\상공회\jhleedev00.github.io\tmp\edge-a4-profile-v2\Default lastActive=2026-10-07T15:53:06.166Z
2026-10-07 15:53:06.181: [INFO] OnDoneLoading sync enabled: 1
2026-10-07 15:53:06.181: [INFO] BookmarkModelLoaded, ids_reassigned: 0
2026-10-07 15:53:06.181: [INFO] BookmarksLoadDropped droppedNodes=0
2026-10-07 15:53:06.181: [INFO] BookmarksSnapshot Startup total=9 bar=9 other=0 mobile=0 showBar=1 showBarNTP=0
2026-10-07 15:53:06.482: [INFO] Sync initialization duration: 78ms
2026-10-07 15:53:13.090: [INFO] BookmarksSnapshot Shutdown total=9 bar=9 other=0 mobile=0 showBar=1 showBarNTP=0
2026-10-07 16:09:59.263: [INFO] CurrentProfilePath: C:\Users\dl1wj\OneDrive\Desktop\이력서\상공회\jhleedev00.github.io\tmp\edge-a4-profile-v2\Default
2026-10-07 16:09:59.263: [INFO] Profiles total count: 1
2026-10-07 16:09:59.264: [INFO] Profile: name=개인 path=C:\Users\dl1wj\OneDrive\Desktop\이력서\상공회\jhleedev00.github.io\tmp\edge-a4-profile-v2\Default lastActive=2026-10-07T16:09:59.250Z
2026-10-07 16:09:59.264: [INFO] LastUsedProfileDir: C:\Users\dl1wj\OneDrive\Desktop\이력서\상공회\jhleedev00.github.io\tmp\edge-a4-profile-v2\Default
2026-10-07 16:09:59.264: [INFO] MostRecentlyActiveProfile: name=개인 path=C:\Users\dl1wj\OneDrive\Desktop\이력서\상공회\jhleedev00.github.io\tmp\edge-a4-profile-v2\Default lastActive=2026-10-07T16:09:59.250Z
2026-10-07 16:09:59.264: [INFO] OnDoneLoading sync enabled: 1
2026-10-07 16:09:59.264: [INFO] BookmarkModelLoaded, ids_reassigned: 0
2026-10-07 16:09:59.264: [INFO] BookmarksLoadDropped droppedNodes=0
2026-10-07 16:09:59.264: [INFO] BookmarksSnapshot Startup total=9 bar=9 other=0 mobile=0 showBar=1 showBarNTP=0
2026-10-07 16:09:59.492: [INFO] Sync initialization duration: 24ms
2026-10-07 16:10:07.110: [INFO] BookmarksSnapshot Shutdown total=9 bar=9 other=0 mobile=0 showBar=1 showBarNTP=0
2026-10-07 16:11:27.160: [INFO] CurrentProfilePath: C:\Users\dl1wj\OneDrive\Desktop\이력서\상공회\jhleedev00.github.io\tmp\edge-a4-profile-v2\Default
2026-10-07 16:11:27.160: [INFO] Profiles total count: 1
2026-10-07 16:11:27.161: [INFO] Profile: name=개인 path=C:\Users\dl1wj\OneDrive\Desktop\이력서\상공회\jhleedev00.github.io\tmp\edge-a4-profile-v2\Default lastActive=2026-10-07T16:11:27.146Z
2026-10-07 16:11:27.161: [INFO] LastUsedProfileDir: C:\Users\dl1wj\OneDrive\Desktop\이력서\상공회\jhleedev00.github.io\tmp\edge-a4-profile-v2\Default
2026-10-07 16:11:27.161: [INFO] MostRecentlyActiveProfile: name=개인 path=C:\Users\dl1wj\OneDrive\Desktop\이력서\상공회\jhleedev00.github.io\tmp\edge-a4-profile-v2\Default lastActive=2026-10-07T16:11:27.146Z
2026-10-07 16:11:27.161: [INFO] OnDoneLoading sync enabled: 1
2026-10-07 16:11:27.161: [INFO] BookmarkModelLoaded, ids_reassigned: 0
2026-10-07 16:11:27.161: [INFO] BookmarksLoadDropped droppedNodes=0
2026-10-07 16:11:27.161: [INFO] BookmarksSnapshot Startup total=9 bar=9 other=0 mobile=0 showBar=1 showBarNTP=0
2026-10-07 16:11:27.342: [INFO] Sync initialization duration: 21ms
2026-10-07 16:11:34.057: [INFO] BookmarksSnapshot Shutdown total=9 bar=9 other=0 mobile=0 showBar=1 showBarNTP=0
